../Core/Src/stm32f4xx_hal_msp.c:6:6:HAL_MspInit	8	static
../Core/Src/stm32f4xx_hal_msp.c:14:6:HAL_ADC_MspInit	48	static
../Core/Src/stm32f4xx_hal_msp.c:44:6:HAL_ADC_MspDeInit	8	static
../Core/Src/stm32f4xx_hal_msp.c:65:6:HAL_CAN_MspInit	40	static
../Core/Src/stm32f4xx_hal_msp.c:92:6:HAL_CAN_MspDeInit	0	static
../Core/Src/stm32f4xx_hal_msp.c:116:6:HAL_I2C_MspInit	48	static
../Core/Src/stm32f4xx_hal_msp.c:141:6:HAL_I2C_MspDeInit	8	static
../Core/Src/stm32f4xx_hal_msp.c:162:6:HAL_TIM_Base_MspInit	16	static
../Core/Src/stm32f4xx_hal_msp.c:192:6:HAL_TIM_PWM_MspInit	8	static
../Core/Src/stm32f4xx_hal_msp.c:203:6:HAL_TIM_MspPostInit	72	static
../Core/Src/stm32f4xx_hal_msp.c:313:6:HAL_TIM_Base_MspDeInit	0	static
../Core/Src/stm32f4xx_hal_msp.c:343:6:HAL_TIM_PWM_MspDeInit	0	static
../Core/Src/stm32f4xx_hal_msp.c:355:6:HAL_UART_MspInit	64	static
../Core/Src/stm32f4xx_hal_msp.c:426:6:HAL_UART_MspDeInit	8	static
